Archive member included to satisfy reference by file (symbol)

/Applications/STM32CubeIDE.app/Contents/Eclipse/plugins/com.st.stm32cube.ide.mcu.externaltools.gnu-tools-for-stm32.14.3.rel1.macosaarch64_1.0.0.202602081740/tools/bin/../lib/gcc/arm-none-eabi/14.3.1/../../../../arm-none-eabi/lib/thumb/v7e-m/nofp/libc_nano.a(libc_a-exit.o)
                              /Applications/STM32CubeIDE.app/Contents/Eclipse/plugins/com.st.stm32cube.ide.mcu.externaltools.gnu-tools-for-stm32.14.3.rel1.macosaarch64_1.0.0.202602081740/tools/bin/../lib/gcc/arm-none-eabi/14.3.1/../../../../arm-none-eabi/lib/thumb/v7e-m/nofp/crt0.o (exit)
/Applications/STM32CubeIDE.app/Contents/Eclipse/plugins/com.st.stm32cube.ide.mcu.externaltools.gnu-tools-for-stm32.14.3.rel1.macosaarch64_1.0.0.202602081740/tools/bin/../lib/gcc/arm-none-eabi/14.3.1/../../../../arm-none-eabi/lib/thumb/v7e-m/nofp/libc_nano.a(libc_a-findfp.o)
                              /Applications/STM32CubeIDE.app/Contents/Eclipse/plugins/com.st.stm32cube.ide.mcu.externaltools.gnu-tools-for-stm32.14.3.rel1.macosaarch64_1.0.0.202602081740/tools/bin/../lib/gcc/arm-none-eabi/14.3.1/../../../../arm-none-eabi/lib/thumb/v7e-m/nofp/libc_nano.a(libc_a-exit.o) (__stdio_exit_handler)
/Applications/STM32CubeIDE.app/Contents/Eclipse/plugins/com.st.stm32cube.ide.mcu.externaltools.gnu-tools-for-stm32.14.3.rel1.macosaarch64_1.0.0.202602081740/tools/bin/../lib/gcc/arm-none-eabi/14.3.1/../../../../arm-none-eabi/lib/thumb/v7e-m/nofp/libc_nano.a(libc_a-fwalk.o)
                              /Applications/STM32CubeIDE.app/Contents/Eclipse/plugins/com.st.stm32cube.ide.mcu.externaltools.gnu-tools-for-stm32.14.3.rel1.macosaarch64_1.0.0.202602081740/tools/bin/../lib/gcc/arm-none-eabi/14.3.1/../../../../arm-none-eabi/lib/thumb/v7e-m/nofp/libc_nano.a(libc_a-findfp.o) (_fwalk_sglue)
/Applications/STM32CubeIDE.app/Contents/Eclipse/plugins/com.st.stm32cube.ide.mcu.externaltools.gnu-tools-for-stm32.14.3.rel1.macosaarch64_1.0.0.202602081740/tools/bin/../lib/gcc/arm-none-eabi/14.3.1/../../../../arm-none-eabi/lib/thumb/v7e-m/nofp/libc_nano.a(libc_a-memset.o)
                              /Applications/STM32CubeIDE.app/Contents/Eclipse/plugins/com.st.stm32cube.ide.mcu.externaltools.gnu-tools-for-stm32.14.3.rel1.macosaarch64_1.0.0.202602081740/tools/bin/../lib/gcc/arm-none-eabi/14.3.1/../../../../arm-none-eabi/lib/thumb/v7e-m/nofp/crt0.o (memset)
/Applications/STM32CubeIDE.app/Contents/Eclipse/plugins/com.st.stm32cube.ide.mcu.externaltools.gnu-tools-for-stm32.14.3.rel1.macosaarch64_1.0.0.202602081740/tools/bin/../lib/gcc/arm-none-eabi/14.3.1/../../../../arm-none-eabi/lib/thumb/v7e-m/nofp/libc_nano.a(libc_a-errno.o)
                              ./Src/syscalls.o (__errno)
/Applications/STM32CubeIDE.app/Contents/Eclipse/plugins/com.st.stm32cube.ide.mcu.externaltools.gnu-tools-for-stm32.14.3.rel1.macosaarch64_1.0.0.202602081740/tools/bin/../lib/gcc/arm-none-eabi/14.3.1/../../../../arm-none-eabi/lib/thumb/v7e-m/nofp/libc_nano.a(libc_a-init.o)
                              /Applications/STM32CubeIDE.app/Contents/Eclipse/plugins/com.st.stm32cube.ide.mcu.externaltools.gnu-tools-for-stm32.14.3.rel1.macosaarch64_1.0.0.202602081740/tools/bin/../lib/gcc/arm-none-eabi/14.3.1/../../../../arm-none-eabi/lib/thumb/v7e-m/nofp/crt0.o (__libc_init_array)
/Applications/STM32CubeIDE.app/Contents/Eclipse/plugins/com.st.stm32cube.ide.mcu.externaltools.gnu-tools-for-stm32.14.3.rel1.macosaarch64_1.0.0.202602081740/tools/bin/../lib/gcc/arm-none-eabi/14.3.1/../../../../arm-none-eabi/lib/thumb/v7e-m/nofp/libc_nano.a(libc_a-lock.o)
                              /Applications/STM32CubeIDE.app/Contents/Eclipse/plugins/com.st.stm32cube.ide.mcu.externaltools.gnu-tools-for-stm32.14.3.rel1.macosaarch64_1.0.0.202602081740/tools/bin/../lib/gcc/arm-none-eabi/14.3.1/../../../../arm-none-eabi/lib/thumb/v7e-m/nofp/libc_nano.a(libc_a-findfp.o) (__retarget_lock_init_recursive)
/Applications/STM32CubeIDE.app/Contents/Eclipse/plugins/com.st.stm32cube.ide.mcu.externaltools.gnu-tools-for-stm32.14.3.rel1.macosaarch64_1.0.0.202602081740/tools/bin/../lib/gcc/arm-none-eabi/14.3.1/../../../../arm-none-eabi/lib/thumb/v7e-m/nofp/libc_nano.a(libc_a-impure.o)
                              /Applications/STM32CubeIDE.app/Contents/Eclipse/plugins/com.st.stm32cube.ide.mcu.externaltools.gnu-tools-for-stm32.14.3.rel1.macosaarch64_1.0.0.202602081740/tools/bin/../lib/gcc/arm-none-eabi/14.3.1/../../../../arm-none-eabi/lib/thumb/v7e-m/nofp/libc_nano.a(libc_a-errno.o) (_impure_ptr)
/Applications/STM32CubeIDE.app/Contents/Eclipse/plugins/com.st.stm32cube.ide.mcu.externaltools.gnu-tools-for-stm32.14.3.rel1.macosaarch64_1.0.0.202602081740/tools/bin/../lib/gcc/arm-none-eabi/14.3.1/../../../../arm-none-eabi/lib/thumb/v7e-m/nofp/libc_nano.a(libc_a-mallocr.o)
[...]
Memory Configuration

Name             Origin             Length             Attributes
CCMRAM           0x10000000         0x00010000         xrw
RAM              0x20000000         0x00020000         xrw
FLASH            0x08000000         0x00100000         xr
*default*        0x00000000         0xffffffff

Linker script and memory map

LOAD /Applications/STM32CubeIDE.app/Contents/Eclipse/plugins/com.st.stm32cube.ide.mcu.externaltools.gnu-tools-for-stm32.14.3.rel1.macosaarch64_1.0.0.202602081740/tools/bin/../lib/gcc/arm-none-eabi/14.3.1/thumb/v7e-m/nofp/crti.o
LOAD /Applications/STM32CubeIDE.app/Contents/Eclipse/plugins/com.st.stm32cube.ide.mcu.externaltools.gnu-tools-for-stm32.14.3.rel1.macosaarch64_1.0.0.202602081740/tools/bin/../lib/gcc/arm-none-eabi/14.3.1/thumb/v7e-m/nofp/crtbegin.o
LOAD /Applications/STM32CubeIDE.app/Contents/Eclipse/plugins/com.st.stm32cube.ide.mcu.externaltools.gnu-tools-for-stm32.14.3.rel1.macosaarch64_1.0.0.202602081740/tools/bin/../lib/gcc/arm-none-eabi/14.3.1/../../../../arm-none-eabi/lib/thumb/v7e-m/nofp/crt0.o
LOAD ./Src/USART_Test.o
LOAD ./Src/syscalls.o
LOAD ./Src/sysmem.o
LOAD ./Startup/startup_stm32f407vgtx.o
LOAD ./mydrivers/src/EXTI.o
LOAD ./mydrivers/src/GPIO.o
LOAD ./mydrivers/src/RCC.o
LOAD ./mydrivers/src/SPI.o
LOAD ./mydrivers/src/USART.o
START GROUP
LOAD /Applications/STM32CubeIDE.app/Contents/Eclipse/plugins/com.st.stm32cube.ide.mcu.externaltools.gnu-tools-for-stm32.14.3.rel1.macosaarch64_1.0.0.202602081740/tools/bin/../lib/gcc/arm-none-eabi/14.3.1/../../../../arm-none-eabi/lib/thumb/v7e-m/nofp/libc_nano.a
LOAD /Applications/STM32CubeIDE.app/Contents/Eclipse/plugins/com.st.stm32cube.ide.mcu.externaltools.gnu-tools-for-stm32.14.3.rel1.macosaarch64_1.0.0.202602081740/tools/bin/../lib/gcc/arm-none-eabi/14.3.1/../../../../arm-none-eabi/lib/thumb/v7e-m/nofp/libm.a
END GROUP
START GROUP
LOAD /Applications/STM32CubeIDE.app/Contents/Eclipse/plugins/com.st.stm32cube.ide.mcu.externaltools.gnu-tools-for-stm32.14.3.rel1.macosaarch64_1.0.0.202602081740/tools/bin/../lib/gcc/arm-none-eabi/14.3.1/thumb/v7e-m/nofp/libgcc.a
LOAD /Applications/STM32CubeIDE.app/Contents/Eclipse/plugins/com.st.stm32cube.ide.mcu.externaltools.gnu-tools-for-stm32.14.3.rel1.macosaarch64_1.0.0.202602081740/tools/bin/../lib/gcc/arm-none-eabi/14.3.1/../../../../arm-none-eabi/lib/thumb/v7e-m/nofp/libc_nano.a
END GROUP
START GROUP
LOAD /Applications/STM32CubeIDE.app/Contents/Eclipse/plugins/com.st.stm32cube.ide.mcu.externaltools.gnu-tools-for-stm32.14.3.rel1.macosaarch64_1.0.0.202602081740/tools/bin/../lib/gcc/arm-none-eabi/14.3.1/thumb/v7e-m/nofp/libgcc.a
LOAD /Applications/STM32CubeIDE.app/Contents/Eclipse/plugins/com.st.stm32cube.ide.mcu.externaltools.gnu-tools-for-stm32.14.3.rel1.macosaarch64_1.0.0.202602081740/tools/bin/../lib/gcc/arm-none-eabi/14.3.1/../../../../arm-none-eabi/lib/thumb/v7e-m/nofp/libc_nano.a
LOAD /Applications/STM32CubeIDE.app/Contents/Eclipse/plugins/com.st.stm32cube.ide.mcu.externaltools.gnu-tools-for-stm32.14.3.rel1.macosaarch64_1.0.0.202602081740/tools/bin/../lib/gcc/arm-none-eabi/14.3.1/../../../../arm-none-eabi/lib/thumb/v7e-m/nofp/libnosys.a
END GROUP
START GROUP
LOAD /Applications/STM32CubeIDE.app/Contents/Eclipse/plugins/com.st.stm32cube.ide.mcu.externaltools.gnu-tools-for-stm32.14.3.rel1.macosaarch64_1.0.0.202602081740/tools/bin/../lib/gcc/arm-none-eabi/14.3.1/thumb/v7e-m/nofp/libgcc.a
LOAD /Applications/STM32CubeIDE.app/Contents/Eclipse/plugins/com.st.stm32cube.ide.mcu.externaltools.gnu-tools-for-stm32.14.3.rel1.macosaarch64_1.0.0.202602081740/tools/bin/../lib/gcc/arm-none-eabi/14.3.1/../../../../arm-none-eabi/lib/thumb/v7e-m/nofp/libc_nano.a
LOAD /Applications/STM32CubeIDE.app/Contents/Eclipse/plugins/com.st.stm32cube.ide.mcu.externaltools.gnu-tools-for-stm32.14.3.rel1.macosaarch64_1.0.0.202602081740/tools/bin/../lib/gcc/arm-none-eabi/14.3.1/../../../../arm-none-eabi/lib/thumb/v7e-m/nofp/libnosys.a
END GROUP
LOAD /Applications/STM32CubeIDE.app/Contents/Eclipse/plugins/com.st.stm32cube.ide.mcu.externaltools.gnu-tools-for-stm32.14.3.rel1.macosaarch64_1.0.0.202602081740/tools/bin/../lib/gcc/arm-none-eabi/14.3.1/thumb/v7e-m/nofp/crtend.o
LOAD /Applications/STM32CubeIDE.app/Contents/Eclipse/plugins/com.st.stm32cube.ide.mcu.externaltools.gnu-tools-for-stm32.14.3.rel1.macosaarch64_1.0.0.202602081740/tools/bin/../lib/gcc/arm-none-eabi/14.3.1/thumb/v7e-m/nofp/crtn.o
                0x20020000                        _estack = (ORIGIN (RAM) + LENGTH (RAM))
                0x00000200                        _Min_Heap_Size = 0x200
                0x00000400                        _Min_Stack_Size = 0x400

.isr_vector     0x08000000      0x188
                0x08000000                        . = ALIGN (0x4)
 *(.isr_vector)
 .isr_vector    0x08000000      0x188 ./Startup/startup_stm32f407vgtx.o
                0x08000000                g_pfnVectors
                0x08000188                        . = ALIGN (0x4)

.text           0x08000188      0x7f4
                0x08000188                        . = ALIGN (0x4)
 *(.text)
 .text          0x08000188       0x40 /Applications/STM32CubeIDE.app/Contents/Eclipse/plugins/com.st.stm32cube.ide.mcu.externaltools.gnu-tools-for-stm32.14.3.rel1.macosaarch64_1.0.0.202602081740/tools/bin/../lib/gcc/arm-none-eabi/14.3.1/thumb/v7e-m/nofp/crtbegin.o
 *(.text*)
 .text.main     0x080001c8       0x38 ./Src/USART_Test.o
                0x080001c8                main
 .text.UART_Config
                0x08000200       0x74 ./Src/USART_Test.o
 .text.GPIO_Config
                0x08000274       0x64 ./Src/USART_Test.o
 .text.Reset_Handler
                0x080002d8       0x50 ./Startup/startup_stm32f407vgtx.o
                0x080002d8                Reset_Handler
 .text.Default_Handler
                0x08000328        0x2 ./Startup/startup_stm32f407vgtx.o
                0x08000328                DMA1_Stream3_IRQHandler
                0x08000328                HASH_RNG_IRQHandler
                0x08000328                EXTI2_IRQHandler
                0x08000328                TIM8_CC_IRQHandler
                0x08000328                DebugMon_Handler
                0x08000328                TIM1_CC_IRQHandler
                0x08000328                DMA2_Stream5_IRQHandler
                0x08000328                HardFault_Handler
                0x08000328                DMA1_Stream5_IRQHandler
                0x08000328                SysTick_Handler
                0x08000328                PVD_IRQHandler
                0x08000328                SDIO_IRQHandler
                0x08000328                TAMP_STAMP_IRQHandler
                0x08000328                PendSV_Handler
                0x08000328                NMI_Handler
                0x08000328                CAN2_RX1_IRQHandler
                0x08000328                EXTI3_IRQHandler
                0x08000328                TIM8_TRG_COM_TIM14_IRQHandler
                0x08000328                TIM1_UP_TIM10_IRQHandler
                0x08000328                TIM8_UP_TIM13_IRQHandler
                0x08000328                I2C3_ER_IRQHandler
                0x08000328                EXTI0_IRQHandler
                0x08000328                I2C2_EV_IRQHandler
                0x08000328                DMA1_Stream2_IRQHandler
                0x08000328                CAN1_RX0_IRQHandler
                0x08000328                FPU_IRQHandler
                0x08000328                OTG_HS_WKUP_IRQHandler
                0x08000328                UsageFault_Handler
                0x08000328                CAN2_SCE_IRQHandler
                0x08000328                DMA2_Stream2_IRQHandler
                0x08000328                SPI1_IRQHandler
                0x08000328                TIM6_DAC_IRQHandler
                0x08000328                TIM1_BRK_TIM9_IRQHandler
                0x08000328                DCMI_IRQHandler
                0x08000328                CAN2_RX0_IRQHandler
                0x08000328                DMA2_Stream3_IRQHandler
                0x08000328                USART6_IRQHandler
                0x08000328                USART3_IRQHandler
                0x08000328                CRYP_IRQHandler
                0x08000328                CAN1_RX1_IRQHandler
                0x08000328                UART5_IRQHandler
                0x08000328                DMA2_Stream0_IRQHandler
                0x08000328                TIM4_IRQHandler
                0x08000328                I2C1_EV_IRQHandler
                0x08000328                DMA1_Stream6_IRQHandler
                0x08000328                DMA1_Stream1_IRQHandler
                0x08000328                UART4_IRQHandler
                0x08000328                TIM3_IRQHandler
                0x08000328                RCC_IRQHandler
                0x08000328                TIM8_BRK_TIM12_IRQHandler
                0x08000328                Default_Handler
                0x08000328                EXTI15_10_IRQHandler
                0x08000328                ADC_IRQHandler
                0x08000328                DMA1_Stream7_IRQHandler
                0x08000328                TIM7_IRQHandler
                0x08000328                CAN2_TX_IRQHandler
                0x08000328                TIM5_IRQHandler
                0x08000328                DMA2_Stream7_IRQHandler
                0x08000328                I2C3_EV_IRQHandler
                0x08000328                EXTI9_5_IRQHandler
                0x08000328                RTC_WKUP_IRQHandler
                0x08000328                ETH_WKUP_IRQHandler
                0x08000328                SPI2_IRQHandler
                0x08000328                OTG_HS_EP1_IN_IRQHandler
                0x08000328                MemManage_Handler
                0x08000328                DMA1_Stream0_IRQHandler
                0x08000328                CAN1_TX_IRQHandler
                0x08000328                SVC_Handler
                0x08000328                EXTI4_IRQHandler
                0x08000328                FSMC_IRQHandler
                0x08000328                ETH_IRQHandler
                0x08000328                OTG_HS_EP1_OUT_IRQHandler
                0x08000328                WWDG_IRQHandler
                0x08000328                TIM2_IRQHandler
                0x08000328                OTG_FS_WKUP_IRQHandler
                0x08000328                TIM1_TRG_COM_TIM11_IRQHandler
                0x08000328                OTG_HS_IRQHandler
                0x08000328                EXTI1_IRQHandler
                0x08000328                USART2_IRQHandler
                0x08000328                I2C2_ER_IRQHandler
                0x08000328                DMA2_Stream1_IRQHandler
                0x08000328                CAN1_SCE_IRQHandler
                0x08000328                DMA2_Stream4_IRQHandler
                0x08000328                BusFault_Handler
                0x08000328                USART1_IRQHandler
                0x08000328                OTG_FS_IRQHandler
                0x08000328                SPI3_IRQHandler
                0x08000328                DMA1_Stream4_IRQHandler
                0x08000328                I2C1_ER_IRQHandler
                0x08000328                DMA2_Stream6_IRQHandler
                0x08000328                RTC_Alarm_IRQHandler
 .text.GPIO_Init
                0x0800032a      0x16c ./mydrivers/src/GPIO.o
                0x0800032a                GPIO_Init
 *fill*         0x08000496        0x2 
 .text.RCC_GetSystemClock
                0x08000498       0x50 ./mydrivers/src/RCC.o
                0x08000498                RCC_GetSystemClock
 .text.RCC_GetHClock
                0x080004e8       0x50 ./mydrivers/src/RCC.o
                0x080004e8                RCC_GetHClock
 .text.RCC_GetPClock1
                0x08000538       0x50 ./mydrivers/src/RCC.o
                0x08000538                RCC_GetPClock1
 .text.RCC_GetPClock2
                0x08000588       0x50 ./mydrivers/src/RCC.o
                0x08000588                RCC_GetPClock2
 .text.USART_Init
                0x080005d8      0x170 ./mydrivers/src/USART.o
                0x080005d8                USART_Init
 .text.USART_TransmitData
                0x08000748       0x96 ./mydrivers/src/USART.o
                0x08000748                USART_TransmitData
 .text.USART_ReceiveData
                0x080007de       0xd6 ./mydrivers/src/USART.o
                0x080007de                USART_ReceiveData
 .text.USART_PeriphCmd
                0x080008b4       0x3e ./mydrivers/src/USART.o
                0x080008b4                USART_PeriphCmd
 .text.USART_GetFlagStatus
                0x080008f2       0x2a ./mydrivers/src/USART.o
                0x080008f2                USART_GetFlagStatus
 .text.__libc_init_array
                0x0800091c       0x48 /Applications/STM32CubeIDE.app/Contents/Eclipse/plugins/com.st.stm32cube.ide.mcu.externaltools.gnu-tools-for-stm32.14.3.rel1.macosaarch64_1.0.0.202602081740/tools/bin/../lib/gcc/arm-none-eabi/14.3.1/../../../../arm-none-eabi/lib/thumb/v7e-m/nofp/libc_nano.a(libc_a-init.o)
                0x0800091c                __libc_init_array
 *(.glue_7)
 .glue_7        0x08000964        0x0 linker stubs
 *(.glue_7t)
 .glue_7t       0x08000964        0x0 linker stubs
 *(.eh_frame)
 .eh_frame      0x08000964        0x0 /Applications/STM32CubeIDE.app/Contents/Eclipse/plugins/com.st.stm32cube.ide.mcu.externaltools.gnu-tools-for-stm32.14.3.rel1.macosaarch64_1.0.0.202602081740/tools/bin/../lib/gcc/arm-none-eabi/14.3.1/thumb/v7e-m/nofp/crtbegin.o
 *(.init)
 .init          0x08000964        0x4 /Applications/STM32CubeIDE.app/Contents/Eclipse/plugins/com.st.stm32cube.ide.mcu.externaltools.gnu-tools-for-stm32.14.3.rel1.macosaarch64_1.0.0.202602081740/tools/bin/../lib/gcc/arm-none-eabi/14.3.1/thumb/v7e-m/nofp/crti.o
                0x08000964                _init
 .init          0x08000968        0x8 /Applications/STM32CubeIDE.app/Contents/Eclipse/plugins/com.st.stm32cube.ide.mcu.externaltools.gnu-tools-for-stm32.14.3.rel1.macosaarch64_1.0.0.202602081740/tools/bin/../lib/gcc/arm-none-eabi/14.3.1/thumb/v7e-m/nofp/crtn.o
 *(.fini)
 .fini          0x08000970        0x4 /Applications/STM32CubeIDE.app/Contents/Eclipse/plugins/com.st.stm32cube.ide.mcu.externaltools.gnu-tools-for-stm32.14.3.rel1.macosaarch64_1.0.0.202602081740/tools/bin/../lib/gcc/arm-none-eabi/14.3.1/thumb/v7e-m/nofp/crti.o
                0x08000970                _fini
 .fini          0x08000974        0x8 /Applications/STM32CubeIDE.app/Contents/Eclipse/plugins/com.st.stm32cube.ide.mcu.externaltools.gnu-tools-for-stm32.14.3.rel1.macosaarch64_1.0.0.202602081740/tools/bin/../lib/gcc/arm-none-eabi/14.3.1/thumb/v7e-m/nofp/crtn.o
                0x0800097c                        . = ALIGN (0x4)
                0x0800097c                        _etext = .

.vfp11_veneer   0x0800097c        0x0
 .vfp11_veneer  0x0800097c        0x0 linker stubs

.v4_bx          0x0800097c        0x0
 .v4_bx         0x0800097c        0x0 linker stubs

.iplt           0x0800097c        0x0
 .iplt          0x0800097c        0x0 /Applications/STM32CubeIDE.app/Contents/Eclipse/plugins/com.st.stm32cube.ide.mcu.externaltools.gnu-tools-for-stm32.14.3.rel1.macosaarch64_1.0.0.202602081740/tools/bin/../lib/gcc/arm-none-eabi/14.3.1/thumb/v7e-m/nofp/crtbegin.o

.rodata         0x0800097c       0x18
                0x0800097c                        . = ALIGN (0x4)
 *(.rodata)
 *(.rodata*)
 .rodata.AHB_Prescaler
                0x0800097c       0x10 ./mydrivers/src/RCC.o
                0x0800097c                AHB_Prescaler
 .rodata.APB_Prescaler
                0x0800098c        0x8 ./mydrivers/src/RCC.o
                0x0800098c                APB_Prescaler
                0x08000994                        . = ALIGN (0x4)

.ARM.extab      0x08000994        0x0
                0x08000994                        . = ALIGN (0x4)
 *(.ARM.extab* .gnu.linkonce.armextab.*)
                0x08000994                        . = ALIGN (0x4)

.ARM            0x08000994        0x0
                0x08000994                        . = ALIGN (0x4)
                0x08000994                        __exidx_start = .
 *(.ARM.exidx*)
                0x08000994                        __exidx_end = .
                0x08000994                        . = ALIGN (0x4)

.preinit_array  0x08000994        0x0
                0x08000994                        . = ALIGN (0x4)
                0x08000994                        PROVIDE (__preinit_array_start = .)
 *(.preinit_array*)
                0x08000994                        PROVIDE (__preinit_array_end = .)
                0x08000994                        . = ALIGN (0x4)

.init_array     0x08000994        0x4
                0x08000994                        . = ALIGN (0x4)
                0x08000994                        PROVIDE (__init_array_start = .)
 *(SORT_BY_NAME(.init_array.*))
 *(.init_array*)
 .init_array    0x08000994        0x4 /Applications/STM32CubeIDE.app/Contents/Eclipse/plugins/com.st.stm32cube.ide.mcu.externaltools.gnu-tools-for-stm32.14.3.rel1.macosaarch64_1.0.0.202602081740/tools/bin/../lib/gcc/arm-none-eabi/14.3.1/thumb/v7e-m/nofp/crtbegin.o
                0x08000998                        PROVIDE (__init_array_end = .)
                0x08000998                        . = ALIGN (0x4)

.fini_array     0x08000998        0x4
                0x08000998                        . = ALIGN (0x4)
                [!provide]                        PROVIDE (__fini_array_start = .)
 *(SORT_BY_NAME(.fini_array.*))
 *(.fini_array*)
 .fini_array    0x08000998        0x4 /Applications/STM32CubeIDE.app/Contents/Eclipse/plugins/com.st.stm32cube.ide.mcu.externaltools.gnu-tools-for-stm32.14.3.rel1.macosaarch64_1.0.0.202602081740/tools/bin/../lib/gcc/arm-none-eabi/14.3.1/thumb/v7e-m/nofp/crtbegin.o
                [!provide]                        PROVIDE (__fini_array_end = .)
                0x0800099c                        . = ALIGN (0x4)
                0x0800099c                        _sidata = LOADADDR (.data)

.rel.dyn        0x0800099c        0x0
 .rel.iplt      0x0800099c        0x0 /Applications/STM32CubeIDE.app/Contents/Eclipse/plugins/com.st.stm32cube.ide.mcu.externaltools.gnu-tools-for-stm32.14.3.rel1.macosaarch64_1.0.0.202602081740/tools/bin/../lib/gcc/arm-none-eabi/14.3.1/thumb/v7e-m/nofp/crtbegin.o

.data           0x20000000        0x0 load address 0x0800099c
                0x20000000                        . = ALIGN (0x4)
                0x20000000                        _sdata = .
 *(.data)
 *(.data*)
 *(.RamFunc)
 *(.RamFunc*)
                0x20000000                        . = ALIGN (0x4)
                0x20000000                        _edata = .
                0x0800099c                        _siccmram = LOADADDR (.ccmram)

.igot.plt       0x20000000        0x0 load address 0x0800099c
 .igot.plt      0x20000000        0x0 /Applications/STM32CubeIDE.app/Contents/Eclipse/plugins/com.st.stm32cube.ide.mcu.externaltools.gnu-tools-for-stm32.14.3.rel1.macosaarch64_1.0.0.202602081740/tools/bin/../lib/gcc/arm-none-eabi/14.3.1/thumb/v7e-m/nofp/crtbegin.o

.ccmram         0x10000000        0x0 load address 0x0800099c
                0x10000000                        . = ALIGN (0x4)
                0x10000000                        _sccmram = .
 *(.ccmram)
 *(.ccmram*)
                0x10000000                        . = ALIGN (0x4)
                0x10000000                        _eccmram = .
                0x10000000                        . = ALIGN (0x4)

.bss            0x20000000       0x3c
                0x20000000                        _sbss = .
                0x20000000                        __bss_start__ = _sbss
 *(.bss)
 .bss           0x20000000       0x1c /Applications/STM32CubeIDE.app/Contents/Eclipse/plugins/com.st.stm32cube.ide.mcu.externaltools.gnu-tools-for-stm32.14.3.rel1.macosaarch64_1.0.0.202602081740/tools/bin/../lib/gcc/arm-none-eabi/14.3.1/thumb/v7e-m/nofp/crtbegin.o
 *(.bss*)
 .bss.USART_Handle
                0x2000001c       0x20 ./Src/USART_Test.o
                0x2000001c                USART_Handle
 *(COMMON)
                0x2000003c                        . = ALIGN (0x4)
                0x2000003c                        _ebss = .
                0x2000003c                        __bss_end__ = _ebss

._user_heap_stack
                0x2000003c      0x604
                0x20000040                        . = ALIGN (0x8)
 *fill*         0x2000003c        0x4 
                [!provide]                        PROVIDE (end = .)
                0x20000040                        PROVIDE (_end = .)
                0x20000240                        . = (. + _Min_Heap_Size)
 *fill*         0x20000040      0x200 
                0x20000640                        . = (. + _Min_Stack_Size)
 *fill*         0x20000240      0x400 
                0x20000640                        . = ALIGN (0x8)

/DISCARD/
 libc.a(*)
 libm.a(*)
 libgcc.a(*)

.ARM.attributes
                0x00000000       0x2a
 *(.ARM.attributes)
 .ARM.attributes
                0x00000000       0x1e /Applications/STM32CubeIDE.app/Contents/Eclipse/plugins/com.st.stm32cube.ide.mcu.externaltools.gnu-tools-for-stm32.14.3.rel1.macosaarch64_1.0.0.202602081740/tools/bin/../lib/gcc/arm-none-eabi/14.3.1/thumb/v7e-m/nofp/crti.o
 .ARM.attributes
                0x0000001e       0x2e /Applications/STM32CubeIDE.app/Contents/Eclipse/plugins/com.st.stm32cube.ide.mcu.externaltools.gnu-tools-for-stm32.14.3.rel1.macosaarch64_1.0.0.202602081740/tools/bin/../lib/gcc/arm-none-eabi/14.3.1/thumb/v7e-m/nofp/crtbegin.o
 .ARM.attributes
                0x0000004c       0x2e ./Src/USART_Test.o
 .ARM.attributes
                0x0000007a       0x21 ./Startup/startup_stm32f407vgtx.o
 .ARM.attributes
                0x0000009b       0x2e ./mydrivers/src/GPIO.o
 .ARM.attributes
                0x000000c9       0x2e ./mydrivers/src/RCC.o
 .ARM.attributes
                0x000000f7       0x2e ./mydrivers/src/USART.o
 .ARM.attributes
                0x00000125       0x2e /Applications/STM32CubeIDE.app/Contents/Eclipse/plugins/com.st.stm32cube.ide.mcu.externaltools.gnu-tools-for-stm32.14.3.rel1.macosaarch64_1.0.0.202602081740/tools/bin/../lib/gcc/arm-none-eabi/14.3.1/../../../../arm-none-eabi/lib/thumb/v7e-m/nofp/libc_nano.a(libc_a-init.o)
 .ARM.attributes
                0x00000153       0x1e /Applications/STM32CubeIDE.app/Contents/Eclipse/plugins/com.st.stm32cube.ide.mcu.externaltools.gnu-tools-for-stm32.14.3.rel1.macosaarch64_1.0.0.202602081740/tools/bin/../lib/gcc/arm-none-eabi/14.3.1/thumb/v7e-m/nofp/crtn.o
OUTPUT(driver_development.elf elf32-littlearm)
LOAD linker stubs
LOAD /Applications/STM32CubeIDE.app/Contents/Eclipse/plugins/com.st.stm32cube.ide.mcu.externaltools.gnu-tools-for-stm32.14.3.rel1.macosaarch64_1.0.0.202602081740/tools/bin/../lib/gcc/arm-none-eabi/14.3.1/../../../../arm-none-eabi/lib/thumb/v7e-m/nofp/libc.a
LOAD /Applications/STM32CubeIDE.app/Contents/Eclipse/plugins/com.st.stm32cube.ide.mcu.externaltools.gnu-tools-for-stm32.14.3.rel1.macosaarch64_1.0.0.202602081740/tools/bin/../lib/gcc/arm-none-eabi/14.3.1/../../../../arm-none-eabi/lib/thumb/v7e-m/nofp/libm.a
LOAD /Applications/STM32CubeIDE.app/Contents/Eclipse/plugins/com.st.stm32cube.ide.mcu.externaltools.gnu-tools-for-stm32.14.3.rel1.macosaarch64_1.0.0.202602081740/tools/bin/../lib/gcc/arm-none-eabi/14.3.1/thumb/v7e-m/nofp/libgcc.a

.debug_info     0x00000000     0x10bf
 .debug_info    0x00000000      0x5c7 ./Src/USART_Test.o
 .debug_info    0x000005c7       0x30 ./Startup/startup_stm32f407vgtx.o
 .debug_info    0x000005f7      0x35b ./mydrivers/src/GPIO.o
 .debug_info    0x00000952      0x39d ./mydrivers/src/RCC.o
 .debug_info    0x00000cef      0x3d0 ./mydrivers/src/USART.o

.debug_abbrev   0x00000000      0x4b1
 .debug_abbrev  0x00000000      0x12e ./Src/USART_Test.o
 .debug_abbrev  0x0000012e       0x24 ./Startup/startup_stm32f407vgtx.o
 .debug_abbrev  0x00000152      0x125 ./mydrivers/src/GPIO.o
 .debug_abbrev  0x00000277       0xed ./mydrivers/src/RCC.o
 .debug_abbrev  0x00000364      0x14d ./mydrivers/src/USART.o

.debug_aranges  0x00000000      0x110
 .debug_aranges
                0x00000000       0x30 ./Src/USART_Test.o
 .debug_aranges
                0x00000030       0x28 ./Startup/startup_stm32f407vgtx.o
 .debug_aranges
                0x00000058       0x40 ./mydrivers/src/GPIO.o
 .debug_aranges
                0x00000098       0x38 ./mydrivers/src/RCC.o
 .debug_aranges
                0x000000d0       0x40 ./mydrivers/src/USART.o

.debug_rnglists
                0x00000000       0xb7
 .debug_rnglists
                0x00000000       0x1f ./Src/USART_Test.o
 .debug_rnglists
                0x0000001f       0x19 ./Startup/startup_stm32f407vgtx.o
 .debug_rnglists
                0x00000038       0x2c ./mydrivers/src/GPIO.o
 .debug_rnglists
                0x00000064       0x25 ./mydrivers/src/RCC.o
 .debug_rnglists
                0x00000089       0x2e ./mydrivers/src/USART.o

.debug_macro    0x00000000     0x2704
 .debug_macro   0x00000000      0x185 ./Src/USART_Test.o
 .debug_macro   0x00000185      0xad8 ./Src/USART_Test.o
 .debug_macro   0x00000c5d       0x22 ./Src/USART_Test.o
 .debug_macro   0x00000c7f       0x8e ./Src/USART_Test.o
 .debug_macro   0x00000d0d       0x51 ./Src/USART_Test.o
 .debug_macro   0x00000d5e      0x103 ./Src/USART_Test.o
 .debug_macro   0x00000e61       0x6a ./Src/USART_Test.o
 .debug_macro   0x00000ecb      0x1df ./Src/USART_Test.o
 .debug_macro   0x000010aa       0x61 ./Src/USART_Test.o
 .debug_macro   0x0000110b       0x24 ./Src/USART_Test.o
 .debug_macro   0x0000112f       0x43 ./Src/USART_Test.o
 .debug_macro   0x00001172       0x34 ./Src/USART_Test.o
 .debug_macro   0x000011a6      0x190 ./Src/USART_Test.o
 .debug_macro   0x00001336      0x364 ./Src/USART_Test.o
 .debug_macro   0x0000169a       0x16 ./Src/USART_Test.o
 .debug_macro   0x000016b0       0x4a ./Src/USART_Test.o
 .debug_macro   0x000016fa       0x34 ./Src/USART_Test.o
 .debug_macro   0x0000172e       0x10 ./Src/USART_Test.o
 .debug_macro   0x0000173e       0x58 ./Src/USART_Test.o
 .debug_macro   0x00001796       0x8e ./Src/USART_Test.o
 .debug_macro   0x00001824       0x1c ./Src/USART_Test.o
 .debug_macro   0x00001840      0x17e ./Src/USART_Test.o
 .debug_macro   0x000019be       0x10 ./Src/USART_Test.o
 .debug_macro   0x000019ce       0x3c ./Src/USART_Test.o
 .debug_macro   0x00001a0a       0x20 ./Src/USART_Test.o
 .debug_macro   0x00001a2a      0x31f ./Src/USART_Test.o
 .debug_macro   0x00001d49       0x6a ./Src/USART_Test.o
 .debug_macro   0x00001db3      0x11e ./Src/USART_Test.o
 .debug_macro   0x00001ed1       0xbe ./Src/USART_Test.o
 .debug_macro   0x00001f8f       0x9a ./Src/USART_Test.o
 .debug_macro   0x00002029       0x8e ./Src/USART_Test.o
 .debug_macro   0x000020b7      0x18f ./mydrivers/src/GPIO.o
 .debug_macro   0x00002246      0x118 ./mydrivers/src/GPIO.o
 .debug_macro   0x0000235e      0x18f ./mydrivers/src/RCC.o
 .debug_macro   0x000024ed      0x18f ./mydrivers/src/USART.o
 .debug_macro   0x0000267c       0x88 ./mydrivers/src/USART.o

.debug_line     0x00000000     0x1c45
 .debug_line    0x00000000      0x627 ./Src/USART_Test.o
 .debug_line    0x00000627       0x7b ./Startup/startup_stm32f407vgtx.o
 .debug_line    0x000006a2      0x738 ./mydrivers/src/GPIO.o
 .debug_line    0x00000dda      0x68d ./mydrivers/src/RCC.o
 .debug_line    0x00001467      0x7de ./mydrivers/src/USART.o

.debug_str      0x00000000     0xa24b
 .debug_str     0x00000000     0xa24b ./Src/USART_Test.o
                               0xa173 (size before relaxing)
 .debug_str     0x0000a24b       0x8a ./Startup/startup_stm32f407vgtx.o
 .debug_str     0x0000a24b     0x9fda ./mydrivers/src/GPIO.o
 .debug_str     0x0000a24b     0xa07d ./mydrivers/src/RCC.o
 .debug_str     0x0000a24b     0xa0bf ./mydrivers/src/USART.o

.comment        0x00000000       0x43
 .comment       0x00000000       0x43 ./Src/USART_Test.o
                                 0x44 (size before relaxing)
 .comment       0x00000043       0x44 ./mydrivers/src/GPIO.o
 .comment       0x00000043       0x44 ./mydrivers/src/RCC.o
 .comment       0x00000043       0x44 ./mydrivers/src/USART.o

.debug_frame    0x00000000      0x2cc
 .debug_frame   0x00000000       0x78 ./Src/USART_Test.o
 .debug_frame   0x00000078       0xc4 ./mydrivers/src/GPIO.o
 .debug_frame   0x0000013c       0xa0 ./mydrivers/src/RCC.o
 .debug_frame   0x000001dc       0xc4 ./mydrivers/src/USART.o
 .debug_frame   0x000002a0       0x2c /Applications/STM32CubeIDE.app/Contents/Eclipse/plugins/com.st.stm32cube.ide.mcu.externaltools.gnu-tools-for-stm32.14.3.rel1.macosaarch64_1.0.0.202602081740/tools/bin/../lib/gcc/arm-none-eabi/14.3.1/../../../../arm-none-eabi/lib/thumb/v7e-m/nofp/libc_nano.a(libc_a-init.o)

.debug_line_str
                0x00000000       0x6e
 .debug_line_str
                0x00000000       0x6e ./Startup/startup_stm32f407vgtx.o
