Archive member included to satisfy reference by file (symbol)

/Applications/STM32CubeIDE.app/Contents/Eclipse/plugins/com.st.stm32cube.ide.mcu.externaltools.gnu-tools-for-stm32.14.3.rel1.macosaarch64_1.0.0.202602081740/tools/bin/../lib/gcc/arm-none-eabi/14.3.1/../../../../arm-none-eabi/lib/thumb/v7e-m/nofp/libc_nano.a(libc_a-exit.o)
                              /Applications/STM32CubeIDE.app/Contents/Eclipse/plugins/com.st.stm32cube.ide.mcu.externaltools.gnu-tools-for-stm32.14.3.rel1.macosaarch64_1.0.0.202602081740/tools/bin/../lib/gcc/arm-none-eabi/14.3.1/../../../../arm-none-eabi/lib/thumb/v7e-m/nofp/crt0.o (exit)
/Applications/STM32CubeIDE.app/Contents/Eclipse/plugins/com.st.stm32cube.ide.mcu.externaltools.gnu-tools-for-stm32.14.3.rel1.macosaarch64_1.0.0.202602081740/tools/bin/../lib/gcc/arm-none-eabi/14.3.1/../../../../arm-none-eabi/lib/thumb/v7e-m/nofp/libc_nano.a(libc_a-findfp.o)
                              /Applications/STM32CubeIDE.app/Contents/Eclipse/plugins/com.st.stm32cube.ide.mcu.externaltools.gnu-tools-for-stm32.14.3.rel1.macosaarch64_1.0.0.202602081740/tools/bin/../lib/gcc/arm-none-eabi/14.3.1/../../../../arm-none-eabi/lib/thumb/v7e-m/nofp/libc_nano.a(libc_a-exit.o) (__stdio_exit_handler)
/Applications/STM32CubeIDE.app/Contents/Eclipse/plugins/com.st.stm32cube.ide.mcu.externaltools.gnu-tools-for-stm32.14.3.rel1.macosaarch64_1.0.0.202602081740/tools/bin/../lib/gcc/arm-none-eabi/14.3.1/../../../../arm-none-eabi/lib/thumb/v7e-m/nofp/libc_nano.a(libc_a-fwalk.o)
                              /Applications/STM32CubeIDE.app/Contents/Eclipse/plugins/com.st.stm32cube.ide.mcu.externaltools.gnu-tools-for-stm32.14.3.rel1.macosaarch64_1.0.0.202602081740/tools/bin/../lib/gcc/arm-none-eabi/14.3.1/../../../../arm-none-eabi/lib/thumb/v7e-m/nofp/libc_nano.a(libc_a-findfp.o) (_fwalk_sglue)
/Applications/STM32CubeIDE.app/Contents/Eclipse/plugins/com.st.stm32cube.ide.mcu.externaltools.gnu-tools-for-stm32.14.3.rel1.macosaarch64_1.0.0.202602081740/tools/bin/../lib/gcc/arm-none-eabi/14.3.1/../../../../arm-none-eabi/lib/thumb/v7e-m/nofp/libc_nano.a(libc_a-memset.o)
                              /Applications/STM32CubeIDE.app/Contents/Eclipse/plugins/com.st.stm32cube.ide.mcu.externaltools.gnu-tools-for-stm32.14.3.rel1.macosaarch64_1.0.0.202602081740/tools/bin/../lib/gcc/arm-none-eabi/14.3.1/../../../../arm-none-eabi/lib/thumb/v7e-m/nofp/crt0.o (memset)
/Applications/STM32CubeIDE.app/Contents/Eclipse/plugins/com.st.stm32cube.ide.mcu.externaltools.gnu-tools-for-stm32.14.3.rel1.macosaarch64_1.0.0.202602081740/tools/bin/../lib/gcc/arm-none-eabi/14.3.1/../../../../arm-none-eabi/lib/thumb/v7e-m/nofp/libc_nano.a(libc_a-errno.o)
                              ./Src/syscalls.o (__errno)
/Applications/STM32CubeIDE.app/Contents/Eclipse/plugins/com.st.stm32cube.ide.mcu.externaltools.gnu-tools-for-stm32.14.3.rel1.macosaarch64_1.0.0.202602081740/tools/bin/../lib/gcc/arm-none-eabi/14.3.1/../../../../arm-none-eabi/lib/thumb/v7e-m/nofp/libc_nano.a(libc_a-init.o)
                              /Applications/STM32CubeIDE.app/Contents/Eclipse/plugins/com.st.stm32cube.ide.mcu.externaltools.gnu-tools-for-stm32.14.3.rel1.macosaarch64_1.0.0.202602081740/tools/bin/../lib/gcc/arm-none-eabi/14.3.1/../../../../arm-none-eabi/lib/thumb/v7e-m/nofp/crt0.o (__libc_init_array)
/Applications/STM32CubeIDE.app/Contents/Eclipse/plugins/com.st.stm32cube.ide.mcu.externaltools.gnu-tools-for-stm32.14.3.rel1.macosaarch64_1.0.0.202602081740/tools/bin/../lib/gcc/arm-none-eabi/14.3.1/../../../../arm-none-eabi/lib/thumb/v7e-m/nofp/libc_nano.a(libc_a-lock.o)
                              /Applications/STM32CubeIDE.app/Contents/Eclipse/plugins/com.st.stm32cube.ide.mcu.externaltools.gnu-tools-for-stm32.14.3.rel1.macosaarch64_1.0.0.202602081740/tools/bin/../lib/gcc/arm-none-eabi/14.3.1/../../../../arm-none-eabi/lib/thumb/v7e-m/nofp/libc_nano.a(libc_a-findfp.o) (__retarget_lock_init_recursive)
/Applications/STM32CubeIDE.app/Contents/Eclipse/plugins/com.st.stm32cube.ide.mcu.externaltools.gnu-tools-for-stm32.14.3.rel1.macosaarch64_1.0.0.202602081740/tools/bin/../lib/gcc/arm-none-eabi/14.3.1/../../../../arm-none-eabi/lib/thumb/v7e-m/nofp/libc_nano.a(libc_a-impure.o)
                              /Applications/STM32CubeIDE.app/Contents/Eclipse/plugins/com.st.stm32cube.ide.mcu.externaltools.gnu-tools-for-stm32.14.3.rel1.macosaarch64_1.0.0.202602081740/tools/bin/../lib/gcc/arm-none-eabi/14.3.1/../../../../arm-none-eabi/lib/thumb/v7e-m/nofp/libc_nano.a(libc_a-errno.o) (_impure_ptr)
/Applications/STM32CubeIDE.app/Contents/Eclipse/plugins/com.st.stm32cube.ide.mcu.externaltools.gnu-tools-for-stm32.14.3.rel1.macosaarch64_1.0.0.202602081740/tools/bin/../lib/gcc/arm-none-eabi/14.3.1/../../../../arm-none-eabi/lib/thumb/v7e-m/nofp/libc_nano.a(libc_a-mallocr.o)
[...]
Memory Configuration

Name             Origin             Length             Attributes
CCMRAM           0x10000000         0x00010000         xrw
RAM              0x20000000         0x00020000         xrw
FLASH            0x08000000         0x00100000         xr
*default*        0x00000000         0xffffffff

Linker script and memory map

LOAD /Applications/STM32CubeIDE.app/Contents/Eclipse/plugins/com.st.stm32cube.ide.mcu.externaltools.gnu-tools-for-stm32.14.3.rel1.macosaarch64_1.0.0.202602081740/tools/bin/../lib/gcc/arm-none-eabi/14.3.1/thumb/v7e-m/nofp/crti.o
LOAD /Applications/STM32CubeIDE.app/Contents/Eclipse/plugins/com.st.stm32cube.ide.mcu.externaltools.gnu-tools-for-stm32.14.3.rel1.macosaarch64_1.0.0.202602081740/tools/bin/../lib/gcc/arm-none-eabi/14.3.1/thumb/v7e-m/nofp/crtbegin.o
LOAD /Applications/STM32CubeIDE.app/Contents/Eclipse/plugins/com.st.stm32cube.ide.mcu.externaltools.gnu-tools-for-stm32.14.3.rel1.macosaarch64_1.0.0.202602081740/tools/bin/../lib/gcc/arm-none-eabi/14.3.1/../../../../arm-none-eabi/lib/thumb/v7e-m/nofp/crt0.o
LOAD ./Src/main.o
LOAD ./Src/syscalls.o
LOAD ./Src/sysmem.o
LOAD ./Startup/startup_stm32f407vgtx.o
LOAD ./mydrivers/src/EXTI.o
LOAD ./mydrivers/src/GPIO.o
LOAD ./mydrivers/src/SPI.o
LOAD ./mydrivers/src/USART.o
START GROUP
LOAD /Applications/STM32CubeIDE.app/Contents/Eclipse/plugins/com.st.stm32cube.ide.mcu.externaltools.gnu-tools-for-stm32.14.3.rel1.macosaarch64_1.0.0.202602081740/tools/bin/../lib/gcc/arm-none-eabi/14.3.1/../../../../arm-none-eabi/lib/thumb/v7e-m/nofp/libc_nano.a
LOAD /Applications/STM32CubeIDE.app/Contents/Eclipse/plugins/com.st.stm32cube.ide.mcu.externaltools.gnu-tools-for-stm32.14.3.rel1.macosaarch64_1.0.0.202602081740/tools/bin/../lib/gcc/arm-none-eabi/14.3.1/../../../../arm-none-eabi/lib/thumb/v7e-m/nofp/libm.a
END GROUP
START GROUP
LOAD /Applications/STM32CubeIDE.app/Contents/Eclipse/plugins/com.st.stm32cube.ide.mcu.externaltools.gnu-tools-for-stm32.14.3.rel1.macosaarch64_1.0.0.202602081740/tools/bin/../lib/gcc/arm-none-eabi/14.3.1/thumb/v7e-m/nofp/libgcc.a
LOAD /Applications/STM32CubeIDE.app/Contents/Eclipse/plugins/com.st.stm32cube.ide.mcu.externaltools.gnu-tools-for-stm32.14.3.rel1.macosaarch64_1.0.0.202602081740/tools/bin/../lib/gcc/arm-none-eabi/14.3.1/../../../../arm-none-eabi/lib/thumb/v7e-m/nofp/libc_nano.a
END GROUP
START GROUP
LOAD /Applications/STM32CubeIDE.app/Contents/Eclipse/plugins/com.st.stm32cube.ide.mcu.externaltools.gnu-tools-for-stm32.14.3.rel1.macosaarch64_1.0.0.202602081740/tools/bin/../lib/gcc/arm-none-eabi/14.3.1/thumb/v7e-m/nofp/libgcc.a
LOAD /Applications/STM32CubeIDE.app/Contents/Eclipse/plugins/com.st.stm32cube.ide.mcu.externaltools.gnu-tools-for-stm32.14.3.rel1.macosaarch64_1.0.0.202602081740/tools/bin/../lib/gcc/arm-none-eabi/14.3.1/../../../../arm-none-eabi/lib/thumb/v7e-m/nofp/libc_nano.a
LOAD /Applications/STM32CubeIDE.app/Contents/Eclipse/plugins/com.st.stm32cube.ide.mcu.externaltools.gnu-tools-for-stm32.14.3.rel1.macosaarch64_1.0.0.202602081740/tools/bin/../lib/gcc/arm-none-eabi/14.3.1/../../../../arm-none-eabi/lib/thumb/v7e-m/nofp/libnosys.a
END GROUP
START GROUP
LOAD /Applications/STM32CubeIDE.app/Contents/Eclipse/plugins/com.st.stm32cube.ide.mcu.externaltools.gnu-tools-for-stm32.14.3.rel1.macosaarch64_1.0.0.202602081740/tools/bin/../lib/gcc/arm-none-eabi/14.3.1/thumb/v7e-m/nofp/libgcc.a
LOAD /Applications/STM32CubeIDE.app/Contents/Eclipse/plugins/com.st.stm32cube.ide.mcu.externaltools.gnu-tools-for-stm32.14.3.rel1.macosaarch64_1.0.0.202602081740/tools/bin/../lib/gcc/arm-none-eabi/14.3.1/../../../../arm-none-eabi/lib/thumb/v7e-m/nofp/libc_nano.a
LOAD /Applications/STM32CubeIDE.app/Contents/Eclipse/plugins/com.st.stm32cube.ide.mcu.externaltools.gnu-tools-for-stm32.14.3.rel1.macosaarch64_1.0.0.202602081740/tools/bin/../lib/gcc/arm-none-eabi/14.3.1/../../../../arm-none-eabi/lib/thumb/v7e-m/nofp/libnosys.a
END GROUP
LOAD /Applications/STM32CubeIDE.app/Contents/Eclipse/plugins/com.st.stm32cube.ide.mcu.externaltools.gnu-tools-for-stm32.14.3.rel1.macosaarch64_1.0.0.202602081740/tools/bin/../lib/gcc/arm-none-eabi/14.3.1/thumb/v7e-m/nofp/crtend.o
LOAD /Applications/STM32CubeIDE.app/Contents/Eclipse/plugins/com.st.stm32cube.ide.mcu.externaltools.gnu-tools-for-stm32.14.3.rel1.macosaarch64_1.0.0.202602081740/tools/bin/../lib/gcc/arm-none-eabi/14.3.1/thumb/v7e-m/nofp/crtn.o
                0x20020000                        _estack = (ORIGIN (RAM) + LENGTH (RAM))
                0x00000200                        _Min_Heap_Size = 0x200
                0x00000400                        _Min_Stack_Size = 0x400

.isr_vector     0x08000000      0x188
                0x08000000                        . = ALIGN (0x4)
 *(.isr_vector)
 .isr_vector    0x08000000      0x188 ./Startup/startup_stm32f407vgtx.o
                0x08000000                g_pfnVectors
                0x08000188                        . = ALIGN (0x4)

.text           0x08000188      0x9cc
                0x08000188                        . = ALIGN (0x4)
 *(.text)
 .text          0x08000188       0x40 /Applications/STM32CubeIDE.app/Contents/Eclipse/plugins/com.st.stm32cube.ide.mcu.externaltools.gnu-tools-for-stm32.14.3.rel1.macosaarch64_1.0.0.202602081740/tools/bin/../lib/gcc/arm-none-eabi/14.3.1/thumb/v7e-m/nofp/crtbegin.o
 *(.text*)
 .text.EXTI0_IRQHandler
                0x080001c8       0x44 ./Src/main.o
                0x080001c8                EXTI0_IRQHandler
 .text.SPI1_IRQHandler
                0x0800020c       0x14 ./Src/main.o
                0x0800020c                SPI1_IRQHandler
 .text.main     0x08000220       0x18 ./Src/main.o
                0x08000220                main
 .text.GPIO_LedConfig
                0x08000238       0xa0 ./Src/main.o
 .text.GPIO_ButtonInterruptConfig
                0x080002d8       0x58 ./Src/main.o
 .text.SPI_Config
                0x08000330       0x80 ./Src/main.o
 .text.SPI_GPIO_Config
                0x080003b0       0x64 ./Src/main.o
 .text.Reset_Handler
                0x08000414       0x50 ./Startup/startup_stm32f407vgtx.o
                0x08000414                Reset_Handler
 .text.Default_Handler
                0x08000464        0x2 ./Startup/startup_stm32f407vgtx.o
                0x08000464                DMA1_Stream3_IRQHandler
                0x08000464                HASH_RNG_IRQHandler
                0x08000464                EXTI2_IRQHandler
                0x08000464                TIM8_CC_IRQHandler
                0x08000464                DebugMon_Handler
                0x08000464                TIM1_CC_IRQHandler
                0x08000464                DMA2_Stream5_IRQHandler
                0x08000464                HardFault_Handler
                0x08000464                DMA1_Stream5_IRQHandler
                0x08000464                SysTick_Handler
                0x08000464                PVD_IRQHandler
                0x08000464                SDIO_IRQHandler
                0x08000464                TAMP_STAMP_IRQHandler
                0x08000464                PendSV_Handler
                0x08000464                NMI_Handler
                0x08000464                CAN2_RX1_IRQHandler
                0x08000464                EXTI3_IRQHandler
                0x08000464                TIM8_TRG_COM_TIM14_IRQHandler
                0x08000464                TIM1_UP_TIM10_IRQHandler
                0x08000464                TIM8_UP_TIM13_IRQHandler
                0x08000464                I2C3_ER_IRQHandler
                0x08000464                I2C2_EV_IRQHandler
                0x08000464                DMA1_Stream2_IRQHandler
                0x08000464                CAN1_RX0_IRQHandler
                0x08000464                FPU_IRQHandler
                0x08000464                OTG_HS_WKUP_IRQHandler
                0x08000464                UsageFault_Handler
                0x08000464                CAN2_SCE_IRQHandler
                0x08000464                DMA2_Stream2_IRQHandler
                0x08000464                TIM6_DAC_IRQHandler
                0x08000464                TIM1_BRK_TIM9_IRQHandler
                0x08000464                DCMI_IRQHandler
                0x08000464                CAN2_RX0_IRQHandler
                0x08000464                DMA2_Stream3_IRQHandler
                0x08000464                USART6_IRQHandler
                0x08000464                USART3_IRQHandler
                0x08000464                CRYP_IRQHandler
                0x08000464                CAN1_RX1_IRQHandler
                0x08000464                UART5_IRQHandler
                0x08000464                DMA2_Stream0_IRQHandler
                0x08000464                TIM4_IRQHandler
                0x08000464                I2C1_EV_IRQHandler
                0x08000464                DMA1_Stream6_IRQHandler
                0x08000464                DMA1_Stream1_IRQHandler
                0x08000464                UART4_IRQHandler
                0x08000464                TIM3_IRQHandler
                0x08000464                RCC_IRQHandler
                0x08000464                TIM8_BRK_TIM12_IRQHandler
                0x08000464                Default_Handler
                0x08000464                EXTI15_10_IRQHandler
                0x08000464                ADC_IRQHandler
                0x08000464                DMA1_Stream7_IRQHandler
                0x08000464                TIM7_IRQHandler
                0x08000464                CAN2_TX_IRQHandler
                0x08000464                TIM5_IRQHandler
                0x08000464                DMA2_Stream7_IRQHandler
                0x08000464                I2C3_EV_IRQHandler
                0x08000464                EXTI9_5_IRQHandler
                0x08000464                RTC_WKUP_IRQHandler
                0x08000464                ETH_WKUP_IRQHandler
                0x08000464                SPI2_IRQHandler
                0x08000464                OTG_HS_EP1_IN_IRQHandler
                0x08000464                MemManage_Handler
                0x08000464                DMA1_Stream0_IRQHandler
                0x08000464                CAN1_TX_IRQHandler
                0x08000464                SVC_Handler
                0x08000464                EXTI4_IRQHandler
                0x08000464                FSMC_IRQHandler
                0x08000464                ETH_IRQHandler
                0x08000464                OTG_HS_EP1_OUT_IRQHandler
                0x08000464                WWDG_IRQHandler
                0x08000464                TIM2_IRQHandler
                0x08000464                OTG_FS_WKUP_IRQHandler
                0x08000464                TIM1_TRG_COM_TIM11_IRQHandler
                0x08000464                OTG_HS_IRQHandler
                0x08000464                EXTI1_IRQHandler
                0x08000464                USART2_IRQHandler
                0x08000464                I2C2_ER_IRQHandler
                0x08000464                DMA2_Stream1_IRQHandler
                0x08000464                CAN1_SCE_IRQHandler
                0x08000464                DMA2_Stream4_IRQHandler
                0x08000464                BusFault_Handler
                0x08000464                USART1_IRQHandler
                0x08000464                OTG_FS_IRQHandler
                0x08000464                SPI3_IRQHandler
                0x08000464                DMA1_Stream4_IRQHandler
                0x08000464                I2C1_ER_IRQHandler
                0x08000464                DMA2_Stream6_IRQHandler
                0x08000464                RTC_Alarm_IRQHandler
 *fill*         0x08000466        0x2 
 .text.EXTI_Init
                0x08000468      0x120 ./mydrivers/src/EXTI.o
                0x08000468                EXTI_Init
 .text.EXTI_LineConfig
                0x08000588       0x64 ./mydrivers/src/EXTI.o
                0x08000588                EXTI_LineConfig
 .text.NVIC_EnableInterrupt
                0x080005ec       0x32 ./mydrivers/src/EXTI.o
                0x080005ec                NVIC_EnableInterrupt
 .text.GPIO_Init
                0x0800061e      0x16c ./mydrivers/src/GPIO.o
                0x0800061e                GPIO_Init
 .text.SPI_CloseISR_TX
                0x0800078a       0x36 ./mydrivers/src/SPI.o
 .text.SPI_TransmitHelper_16Bits
                0x080007c0       0x3e ./mydrivers/src/SPI.o
 .text.SPI_TransmitHelper_8Bits
                0x080007fe       0x3e ./mydrivers/src/SPI.o
 .text.SPI_CloseISR_RX
                0x0800083c       0x36 ./mydrivers/src/SPI.o
 .text.SPI_ReceiveHelper_16Bits
                0x08000872       0x44 ./mydrivers/src/SPI.o
 .text.SPI_ReceiveHelper_8Bits
                0x080008b6       0x44 ./mydrivers/src/SPI.o
 .text.SPI_Init
                0x080008fa       0x5a ./mydrivers/src/SPI.o
                0x080008fa                SPI_Init
 .text.SPI_PeriphCmd
                0x08000954       0x3e ./mydrivers/src/SPI.o
                0x08000954                SPI_PeriphCmd
 *fill*         0x08000992        0x2 
 .text.SPI_TransmitData_IT
                0x08000994       0x6c ./mydrivers/src/SPI.o
                0x08000994                SPI_TransmitData_IT
 .text.SPI_ReceiveData_IT
                0x08000a00       0x6c ./mydrivers/src/SPI.o
                0x08000a00                SPI_ReceiveData_IT
 .text.SPI_InterruptHandler
                0x08000a6c       0x78 ./mydrivers/src/SPI.o
                0x08000a6c                SPI_InterruptHandler
 .text.memset   0x08000ae4       0x10 /Applications/STM32CubeIDE.app/Contents/Eclipse/plugins/com.st.stm32cube.ide.mcu.externaltools.gnu-tools-for-stm32.14.3.rel1.macosaarch64_1.0.0.202602081740/tools/bin/../lib/gcc/arm-none-eabi/14.3.1/../../../../arm-none-eabi/lib/thumb/v7e-m/nofp/libc_nano.a(libc_a-memset.o)
                0x08000ae4                memset
 .text.__libc_init_array
                0x08000af4       0x48 /Applications/STM32CubeIDE.app/Contents/Eclipse/plugins/com.st.stm32cube.ide.mcu.externaltools.gnu-tools-for-stm32.14.3.rel1.macosaarch64_1.0.0.202602081740/tools/bin/../lib/gcc/arm-none-eabi/14.3.1/../../../../arm-none-eabi/lib/thumb/v7e-m/nofp/libc_nano.a(libc_a-init.o)
                0x08000af4                __libc_init_array
 *(.glue_7)
 .glue_7        0x08000b3c        0x0 linker stubs
 *(.glue_7t)
 .glue_7t       0x08000b3c        0x0 linker stubs
 *(.eh_frame)
 .eh_frame      0x08000b3c        0x0 /Applications/STM32CubeIDE.app/Contents/Eclipse/plugins/com.st.stm32cube.ide.mcu.externaltools.gnu-tools-for-stm32.14.3.rel1.macosaarch64_1.0.0.202602081740/tools/bin/../lib/gcc/arm-none-eabi/14.3.1/thumb/v7e-m/nofp/crtbegin.o
 *(.init)
 .init          0x08000b3c        0x4 /Applications/STM32CubeIDE.app/Contents/Eclipse/plugins/com.st.stm32cube.ide.mcu.externaltools.gnu-tools-for-stm32.14.3.rel1.macosaarch64_1.0.0.202602081740/tools/bin/../lib/gcc/arm-none-eabi/14.3.1/thumb/v7e-m/nofp/crti.o
                0x08000b3c                _init
 .init          0x08000b40        0x8 /Applications/STM32CubeIDE.app/Contents/Eclipse/plugins/com.st.stm32cube.ide.mcu.externaltools.gnu-tools-for-stm32.14.3.rel1.macosaarch64_1.0.0.202602081740/tools/bin/../lib/gcc/arm-none-eabi/14.3.1/thumb/v7e-m/nofp/crtn.o
 *(.fini)
 .fini          0x08000b48        0x4 /Applications/STM32CubeIDE.app/Contents/Eclipse/plugins/com.st.stm32cube.ide.mcu.externaltools.gnu-tools-for-stm32.14.3.rel1.macosaarch64_1.0.0.202602081740/tools/bin/../lib/gcc/arm-none-eabi/14.3.1/thumb/v7e-m/nofp/crti.o
                0x08000b48                _fini
 .fini          0x08000b4c        0x8 /Applications/STM32CubeIDE.app/Contents/Eclipse/plugins/com.st.stm32cube.ide.mcu.externaltools.gnu-tools-for-stm32.14.3.rel1.macosaarch64_1.0.0.202602081740/tools/bin/../lib/gcc/arm-none-eabi/14.3.1/thumb/v7e-m/nofp/crtn.o
                0x08000b54                        . = ALIGN (0x4)
                0x08000b54                        _etext = .

.vfp11_veneer   0x08000b54        0x0
 .vfp11_veneer  0x08000b54        0x0 linker stubs

.v4_bx          0x08000b54        0x0
 .v4_bx         0x08000b54        0x0 linker stubs

.iplt           0x08000b54        0x0
 .iplt          0x08000b54        0x0 /Applications/STM32CubeIDE.app/Contents/Eclipse/plugins/com.st.stm32cube.ide.mcu.externaltools.gnu-tools-for-stm32.14.3.rel1.macosaarch64_1.0.0.202602081740/tools/bin/../lib/gcc/arm-none-eabi/14.3.1/thumb/v7e-m/nofp/crtbegin.o

.rodata         0x08000b54        0x0
                0x08000b54                        . = ALIGN (0x4)
 *(.rodata)
 *(.rodata*)
                0x08000b54                        . = ALIGN (0x4)

.ARM.extab      0x08000b54        0x0
                0x08000b54                        . = ALIGN (0x4)
 *(.ARM.extab* .gnu.linkonce.armextab.*)
                0x08000b54                        . = ALIGN (0x4)

.ARM            0x08000b54        0x0
                0x08000b54                        . = ALIGN (0x4)
                0x08000b54                        __exidx_start = .
 *(.ARM.exidx*)
                0x08000b54                        __exidx_end = .
                0x08000b54                        . = ALIGN (0x4)

.preinit_array  0x08000b54        0x0
                0x08000b54                        . = ALIGN (0x4)
                0x08000b54                        PROVIDE (__preinit_array_start = .)
 *(.preinit_array*)
                0x08000b54                        PROVIDE (__preinit_array_end = .)
                0x08000b54                        . = ALIGN (0x4)

.init_array     0x08000b54        0x4
                0x08000b54                        . = ALIGN (0x4)
                0x08000b54                        PROVIDE (__init_array_start = .)
 *(SORT_BY_NAME(.init_array.*))
 *(.init_array*)
 .init_array    0x08000b54        0x4 /Applications/STM32CubeIDE.app/Contents/Eclipse/plugins/com.st.stm32cube.ide.mcu.externaltools.gnu-tools-for-stm32.14.3.rel1.macosaarch64_1.0.0.202602081740/tools/bin/../lib/gcc/arm-none-eabi/14.3.1/thumb/v7e-m/nofp/crtbegin.o
                0x08000b58                        PROVIDE (__init_array_end = .)
                0x08000b58                        . = ALIGN (0x4)

.fini_array     0x08000b58        0x4
                0x08000b58                        . = ALIGN (0x4)
                [!provide]                        PROVIDE (__fini_array_start = .)
 *(SORT_BY_NAME(.fini_array.*))
 *(.fini_array*)
 .fini_array    0x08000b58        0x4 /Applications/STM32CubeIDE.app/Contents/Eclipse/plugins/com.st.stm32cube.ide.mcu.externaltools.gnu-tools-for-stm32.14.3.rel1.macosaarch64_1.0.0.202602081740/tools/bin/../lib/gcc/arm-none-eabi/14.3.1/thumb/v7e-m/nofp/crtbegin.o
                [!provide]                        PROVIDE (__fini_array_end = .)
                0x08000b5c                        . = ALIGN (0x4)
                0x08000b5c                        _sidata = LOADADDR (.data)

.rel.dyn        0x08000b5c        0x0
 .rel.iplt      0x08000b5c        0x0 /Applications/STM32CubeIDE.app/Contents/Eclipse/plugins/com.st.stm32cube.ide.mcu.externaltools.gnu-tools-for-stm32.14.3.rel1.macosaarch64_1.0.0.202602081740/tools/bin/../lib/gcc/arm-none-eabi/14.3.1/thumb/v7e-m/nofp/crtbegin.o

.data           0x20000000       0x10 load address 0x08000b5c
                0x20000000                        . = ALIGN (0x4)
                0x20000000                        _sdata = .
 *(.data)
 *(.data*)
 .data.spiTxData
                0x20000000        0xd ./Src/main.o
                0x20000000                spiTxData
 *(.RamFunc)
 *(.RamFunc*)
                0x20000010                        . = ALIGN (0x4)
 *fill*         0x2000000d        0x3 
                0x20000010                        _edata = .
                0x08000b6c                        _siccmram = LOADADDR (.ccmram)

.igot.plt       0x20000010        0x0 load address 0x08000b6c
 .igot.plt      0x20000010        0x0 /Applications/STM32CubeIDE.app/Contents/Eclipse/plugins/com.st.stm32cube.ide.mcu.externaltools.gnu-tools-for-stm32.14.3.rel1.macosaarch64_1.0.0.202602081740/tools/bin/../lib/gcc/arm-none-eabi/14.3.1/thumb/v7e-m/nofp/crtbegin.o

.ccmram         0x10000000        0x0 load address 0x08000b6c
                0x10000000                        . = ALIGN (0x4)
                0x10000000                        _sccmram = .
 *(.ccmram)
 *(.ccmram*)
                0x10000000                        . = ALIGN (0x4)
                0x10000000                        _eccmram = .
                0x10000000                        . = ALIGN (0x4)

.bss            0x20000010       0x6c
                0x20000010                        _sbss = .
                0x20000010                        __bss_start__ = _sbss
 *(.bss)
 .bss           0x20000010       0x1c /Applications/STM32CubeIDE.app/Contents/Eclipse/plugins/com.st.stm32cube.ide.mcu.externaltools.gnu-tools-for-stm32.14.3.rel1.macosaarch64_1.0.0.202602081740/tools/bin/../lib/gcc/arm-none-eabi/14.3.1/thumb/v7e-m/nofp/crtbegin.o
 *(.bss*)
 .bss.SPI_Handle
                0x2000002c       0x40 ./Src/main.o
                0x2000002c                SPI_Handle
 .bss.spiRxData
                0x2000006c        0xd ./Src/main.o
                0x2000006c                spiRxData
 *(COMMON)
                0x2000007c                        . = ALIGN (0x4)
 *fill*         0x20000079        0x3 
                0x2000007c                        _ebss = .
                0x2000007c                        __bss_end__ = _ebss

._user_heap_stack
                0x2000007c      0x604
                0x20000080                        . = ALIGN (0x8)
 *fill*         0x2000007c        0x4 
                [!provide]                        PROVIDE (end = .)
                0x20000080                        PROVIDE (_end = .)
                0x20000280                        . = (. + _Min_Heap_Size)
 *fill*         0x20000080      0x200 
                0x20000680                        . = (. + _Min_Stack_Size)
 *fill*         0x20000280      0x400 
                0x20000680                        . = ALIGN (0x8)

/DISCARD/
 libc.a(*)
 libm.a(*)
 libgcc.a(*)

.ARM.attributes
                0x00000000       0x2a
 *(.ARM.attributes)
 .ARM.attributes
                0x00000000       0x1e /Applications/STM32CubeIDE.app/Contents/Eclipse/plugins/com.st.stm32cube.ide.mcu.externaltools.gnu-tools-for-stm32.14.3.rel1.macosaarch64_1.0.0.202602081740/tools/bin/../lib/gcc/arm-none-eabi/14.3.1/thumb/v7e-m/nofp/crti.o
 .ARM.attributes
                0x0000001e       0x2e /Applications/STM32CubeIDE.app/Contents/Eclipse/plugins/com.st.stm32cube.ide.mcu.externaltools.gnu-tools-for-stm32.14.3.rel1.macosaarch64_1.0.0.202602081740/tools/bin/../lib/gcc/arm-none-eabi/14.3.1/thumb/v7e-m/nofp/crtbegin.o
 .ARM.attributes
                0x0000004c       0x2e ./Src/main.o
 .ARM.attributes
                0x0000007a       0x21 ./Startup/startup_stm32f407vgtx.o
 .ARM.attributes
                0x0000009b       0x2e ./mydrivers/src/EXTI.o
 .ARM.attributes
                0x000000c9       0x2e ./mydrivers/src/GPIO.o
 .ARM.attributes
                0x000000f7       0x2e ./mydrivers/src/SPI.o
 .ARM.attributes
                0x00000125       0x2e /Applications/STM32CubeIDE.app/Contents/Eclipse/plugins/com.st.stm32cube.ide.mcu.externaltools.gnu-tools-for-stm32.14.3.rel1.macosaarch64_1.0.0.202602081740/tools/bin/../lib/gcc/arm-none-eabi/14.3.1/../../../../arm-none-eabi/lib/thumb/v7e-m/nofp/libc_nano.a(libc_a-memset.o)
 .ARM.attributes
                0x00000153       0x2e /Applications/STM32CubeIDE.app/Contents/Eclipse/plugins/com.st.stm32cube.ide.mcu.externaltools.gnu-tools-for-stm32.14.3.rel1.macosaarch64_1.0.0.202602081740/tools/bin/../lib/gcc/arm-none-eabi/14.3.1/../../../../arm-none-eabi/lib/thumb/v7e-m/nofp/libc_nano.a(libc_a-init.o)
 .ARM.attributes
                0x00000181       0x1e /Applications/STM32CubeIDE.app/Contents/Eclipse/plugins/com.st.stm32cube.ide.mcu.externaltools.gnu-tools-for-stm32.14.3.rel1.macosaarch64_1.0.0.202602081740/tools/bin/../lib/gcc/arm-none-eabi/14.3.1/thumb/v7e-m/nofp/crtn.o
OUTPUT(driver_development.elf elf32-littlearm)
LOAD linker stubs
LOAD /Applications/STM32CubeIDE.app/Contents/Eclipse/plugins/com.st.stm32cube.ide.mcu.externaltools.gnu-tools-for-stm32.14.3.rel1.macosaarch64_1.0.0.202602081740/tools/bin/../lib/gcc/arm-none-eabi/14.3.1/../../../../arm-none-eabi/lib/thumb/v7e-m/nofp/libc.a
LOAD /Applications/STM32CubeIDE.app/Contents/Eclipse/plugins/com.st.stm32cube.ide.mcu.externaltools.gnu-tools-for-stm32.14.3.rel1.macosaarch64_1.0.0.202602081740/tools/bin/../lib/gcc/arm-none-eabi/14.3.1/../../../../arm-none-eabi/lib/thumb/v7e-m/nofp/libm.a
LOAD /Applications/STM32CubeIDE.app/Contents/Eclipse/plugins/com.st.stm32cube.ide.mcu.externaltools.gnu-tools-for-stm32.14.3.rel1.macosaarch64_1.0.0.202602081740/tools/bin/../lib/gcc/arm-none-eabi/14.3.1/thumb/v7e-m/nofp/libgcc.a

.debug_info     0x00000000     0x157e
 .debug_info    0x00000000      0x97e ./Src/main.o
 .debug_info    0x0000097e       0x30 ./Startup/startup_stm32f407vgtx.o
 .debug_info    0x000009ae      0x2a4 ./mydrivers/src/EXTI.o
 .debug_info    0x00000c52      0x35b ./mydrivers/src/GPIO.o
 .debug_info    0x00000fad      0x5d1 ./mydrivers/src/SPI.o

.debug_abbrev   0x00000000      0x5a9
 .debug_abbrev  0x00000000      0x18d ./Src/main.o
 .debug_abbrev  0x0000018d       0x24 ./Startup/startup_stm32f407vgtx.o
 .debug_abbrev  0x000001b1       0xf3 ./mydrivers/src/EXTI.o
 .debug_abbrev  0x000002a4      0x125 ./mydrivers/src/GPIO.o
 .debug_abbrev  0x000003c9      0x1e0 ./mydrivers/src/SPI.o

.debug_aranges  0x00000000      0x170
 .debug_aranges
                0x00000000       0x50 ./Src/main.o
 .debug_aranges
                0x00000050       0x28 ./Startup/startup_stm32f407vgtx.o
 .debug_aranges
                0x00000078       0x30 ./mydrivers/src/EXTI.o
 .debug_aranges
                0x000000a8       0x40 ./mydrivers/src/GPIO.o
 .debug_aranges
                0x000000e8       0x88 ./mydrivers/src/SPI.o

.debug_rnglists
                0x00000000      0x100
 .debug_rnglists
                0x00000000       0x39 ./Src/main.o
 .debug_rnglists
                0x00000039       0x19 ./Startup/startup_stm32f407vgtx.o
 .debug_rnglists
                0x00000052       0x20 ./mydrivers/src/EXTI.o
 .debug_rnglists
                0x00000072       0x2c ./mydrivers/src/GPIO.o
 .debug_rnglists
                0x0000009e       0x62 ./mydrivers/src/SPI.o

.debug_macro    0x00000000     0x273c
 .debug_macro   0x00000000      0x185 ./Src/main.o
 .debug_macro   0x00000185      0xad8 ./Src/main.o
 .debug_macro   0x00000c5d       0x22 ./Src/main.o
 .debug_macro   0x00000c7f       0x8e ./Src/main.o
 .debug_macro   0x00000d0d       0x51 ./Src/main.o
 .debug_macro   0x00000d5e      0x103 ./Src/main.o
 .debug_macro   0x00000e61       0x6a ./Src/main.o
 .debug_macro   0x00000ecb      0x1df ./Src/main.o
 .debug_macro   0x000010aa       0x61 ./Src/main.o
 .debug_macro   0x0000110b       0x24 ./Src/main.o
 .debug_macro   0x0000112f       0x43 ./Src/main.o
 .debug_macro   0x00001172       0x34 ./Src/main.o
 .debug_macro   0x000011a6      0x190 ./Src/main.o
 .debug_macro   0x00001336      0x364 ./Src/main.o
 .debug_macro   0x0000169a       0x16 ./Src/main.o
 .debug_macro   0x000016b0       0x4a ./Src/main.o
 .debug_macro   0x000016fa       0x34 ./Src/main.o
 .debug_macro   0x0000172e       0x10 ./Src/main.o
 .debug_macro   0x0000173e       0x58 ./Src/main.o
 .debug_macro   0x00001796       0x8e ./Src/main.o
 .debug_macro   0x00001824       0x1c ./Src/main.o
 .debug_macro   0x00001840      0x17e ./Src/main.o
 .debug_macro   0x000019be       0x10 ./Src/main.o
 .debug_macro   0x000019ce       0x3c ./Src/main.o
 .debug_macro   0x00001a0a       0x20 ./Src/main.o
 .debug_macro   0x00001a2a      0x2e7 ./Src/main.o
 .debug_macro   0x00001d11       0x6a ./Src/main.o
 .debug_macro   0x00001d7b      0x11e ./Src/main.o
 .debug_macro   0x00001e99       0xbe ./Src/main.o
 .debug_macro   0x00001f57       0x9a ./Src/main.o
 .debug_macro   0x00001ff1       0x3a ./Src/main.o
 .debug_macro   0x0000202b      0x18f ./mydrivers/src/EXTI.o
 .debug_macro   0x000021ba       0xb8 ./mydrivers/src/EXTI.o
 .debug_macro   0x00002272      0x18f ./mydrivers/src/GPIO.o
 .debug_macro   0x00002401      0x118 ./mydrivers/src/GPIO.o
 .debug_macro   0x00002519      0x18f ./mydrivers/src/SPI.o
 .debug_macro   0x000026a8       0x94 ./mydrivers/src/SPI.o

.debug_line     0x00000000     0x1e9a
 .debug_line    0x00000000      0x6bf ./Src/main.o
 .debug_line    0x000006bf       0x7b ./Startup/startup_stm32f407vgtx.o
 .debug_line    0x0000073a      0x6f5 ./mydrivers/src/EXTI.o
 .debug_line    0x00000e2f      0x738 ./mydrivers/src/GPIO.o
 .debug_line    0x00001567      0x933 ./mydrivers/src/SPI.o

.debug_str      0x00000000     0xa11f
 .debug_str     0x00000000     0xa11f ./Src/main.o
                               0xa03f (size before relaxing)
 .debug_str     0x0000a11f       0x8a ./Startup/startup_stm32f407vgtx.o
 .debug_str     0x0000a11f     0x9c89 ./mydrivers/src/EXTI.o
 .debug_str     0x0000a11f     0x9c3b ./mydrivers/src/GPIO.o
 .debug_str     0x0000a11f     0x9e33 ./mydrivers/src/SPI.o

.comment        0x00000000       0x43
 .comment       0x00000000       0x43 ./Src/main.o
                                 0x44 (size before relaxing)
 .comment       0x00000043       0x44 ./mydrivers/src/EXTI.o
 .comment       0x00000043       0x44 ./mydrivers/src/GPIO.o
 .comment       0x00000043       0x44 ./mydrivers/src/SPI.o

.debug_frame    0x00000000      0x488
 .debug_frame   0x00000000       0xf4 ./Src/main.o
 .debug_frame   0x000000f4       0x7c ./mydrivers/src/EXTI.o
 .debug_frame   0x00000170       0xc4 ./mydrivers/src/GPIO.o
 .debug_frame   0x00000234      0x208 ./mydrivers/src/SPI.o
 .debug_frame   0x0000043c       0x20 /Applications/STM32CubeIDE.app/Contents/Eclipse/plugins/com.st.stm32cube.ide.mcu.externaltools.gnu-tools-for-stm32.14.3.rel1.macosaarch64_1.0.0.202602081740/tools/bin/../lib/gcc/arm-none-eabi/14.3.1/../../../../arm-none-eabi/lib/thumb/v7e-m/nofp/libc_nano.a(libc_a-memset.o)
 .debug_frame   0x0000045c       0x2c /Applications/STM32CubeIDE.app/Contents/Eclipse/plugins/com.st.stm32cube.ide.mcu.externaltools.gnu-tools-for-stm32.14.3.rel1.macosaarch64_1.0.0.202602081740/tools/bin/../lib/gcc/arm-none-eabi/14.3.1/../../../../arm-none-eabi/lib/thumb/v7e-m/nofp/libc_nano.a(libc_a-init.o)

.debug_line_str
                0x00000000       0x6e
 .debug_line_str
                0x00000000       0x6e ./Startup/startup_stm32f407vgtx.o
